Copyright 1986-2018 Xilinx, Inc. All Rights Reserved.
----------------------------------------------------------------------------------------------------------------------------------------------------------------
| Tool Version     : Vivado v.2018.2 (lin64) Build 2258646 Thu Jun 14 20:02:38 MDT 2018
| Date             : Mon Apr  8 14:32:10 2019
| Host             : ubeluga running 64-bit Ubuntu 18.04.4 LTS
| Command          : report_power -file LMAC_DFIFO_TOP_power_routed.rpt -pb LMAC_DFIFO_TOP_power_summary_routed.pb -rpx LMAC_DFIFO_TOP_power_routed.rpx
| Design           : LMAC_DFIFO_TOP
| Device           : xczu15eg-ffvb1156-2-e
| Design State     : routed
| Grade            : extended
| Process          : typical
| Characterization : Production
----------------------------------------------------------------------------------------------------------------------------------------------------------------

Power Report

Table of Contents
-----------------
1. Summary
1.1 On-Chip Components
1.2 Power Supply Summary
1.3 Confidence Level
2. Settings
2.1 Environment
2.2 Clock Constraints
3. Detailed Reports
3.1 By Hierarchy

1. Summary
----------

+--------------------------+--------------+
| Total On-Chip Power (W)  | 22.114       |
| Design Power Budget (W)  | Unspecified* |
| Power Budget Margin (W)  | NA           |
| Dynamic (W)              | 21.180       |
| Device Static (W)        | 0.934        |
| Effective TJA (C/W)      | 1.0          |
| Max Ambient (C)          | 78.5         |
| Junction Temperature (C) | 46.5         |
| Confidence Level         | Low          |
| Setting File             | ---          |
| Simulation Activity File | ---          |
| Design Nets Matched      | NA           |
+--------------------------+--------------+
* Specify Design Power Budget using, set_operating_conditions -design_power_budget <value in Watts>


1.1 On-Chip Components
----------------------

+-------------------------+-----------+----------+-----------+-----------------+
| On-Chip                 | Power (W) | Used     | Available | Utilization (%) |
+-------------------------+-----------+----------+-----------+-----------------+
| CLB Logic               |     5.019 |     6168 |       --- |             --- |
|   LUT as Logic          |     4.555 |     2627 |    341280 |            0.77 |
|   Register              |     0.325 |     2688 |    682560 |            0.39 |
|   CARRY8                |     0.134 |       50 |     42660 |            0.12 |
|   LUT as Shift Register |     0.004 |       12 |    184320 |           <0.01 |
|   BUFG                  |     0.001 |        2 |        32 |            6.25 |
|   Others                |     0.000 |      242 |       --- |             --- |
|   F7/F8 Muxes           |     0.000 |       33 |    341280 |           <0.01 |
| Signals                 |     5.172 |     4751 |       --- |             --- |
| Block RAM               |     0.640 |       15 |       744 |            2.02 |
| I/O                     |    10.349 |      102 |       328 |           31.10 |
| Static Power            |     0.934 |          |           |                 |
| Total                   |    22.114 |          |           |                 |
+-------------------------+-----------+----------+-----------+-----------------+


1.2 Power Supply Summary
------------------------

+-----------------+-------------+-----------+-------------+------------+
| Source          | Voltage (V) | Total (A) | Dynamic (A) | Static (A) |
+-----------------+-------------+-----------+-------------+------------+
| Vccint          |       0.850 |    13.154 |      12.663 |      0.491 |
| Vccint_io       |       0.850 |     0.709 |       0.670 |      0.040 |
| Vccbram         |       0.850 |     0.087 |       0.080 |      0.007 |
| Vccaux          |       1.800 |     0.215 |       0.000 |      0.215 |
| Vccaux_io       |       1.800 |     1.213 |       1.181 |      0.033 |
| Vcco33          |       3.300 |     0.000 |       0.000 |      0.000 |
| Vcco25          |       2.500 |     0.000 |       0.000 |      0.000 |
| Vcco18          |       1.800 |     4.252 |       4.252 |      0.000 |
| Vcco15          |       1.500 |     0.000 |       0.000 |      0.000 |
| Vcco135         |       1.350 |     0.000 |       0.000 |      0.000 |
| Vcco12          |       1.200 |     0.000 |       0.000 |      0.000 |
| Vcco10          |       1.000 |     0.000 |       0.000 |      0.000 |
| Vccadc          |       1.800 |     0.008 |       0.000 |      0.008 |
| VCC_PSINTFP     |       0.850 |     0.000 |       0.000 |      0.000 |
| VCC_PSINTLP     |       0.850 |     0.009 |       0.000 |      0.009 |
| VPS_MGTRAVCC    |       0.850 |     0.000 |       0.000 |      0.000 |
| VCC_PSINTFP_DDR |       0.850 |     0.000 |       0.000 |      0.000 |
| VCC_PSPLL       |       1.200 |     0.002 |       0.000 |      0.002 |
| VPS_MGTRAVTT    |       1.800 |     0.000 |       0.000 |      0.000 |
| VCCO_PSDDR_504  |       1.200 |     0.000 |       0.000 |      0.000 |
| VCC_PSAUX       |       1.800 |     0.002 |       0.000 |      0.002 |
| VCC_PSBATT      |       1.200 |     0.000 |       0.000 |      0.000 |
| VCC_PSDDR_PLL   |       1.800 |     0.000 |       0.000 |      0.000 |
| VCCO_PSIO0_500  |       3.300 |     0.000 |       0.000 |      0.000 |
| VCCO_PSIO1_501  |       3.300 |     0.000 |       0.000 |      0.000 |
| VCCO_PSIO2_502  |       3.300 |     0.000 |       0.000 |      0.000 |
| VCCO_PSIO3_503  |       3.300 |     0.000 |       0.000 |      0.000 |
| VCC_PSADC       |       1.800 |     0.002 |       0.000 |      0.002 |
| MGTAVcc         |       0.900 |     0.000 |       0.000 |      0.000 |
| MGTAVtt         |       1.200 |     0.000 |       0.000 |      0.000 |
| MGTVccaux       |       1.800 |     0.000 |       0.000 |      0.000 |
+-----------------+-------------+-----------+-------------+------------+


1.3 Confidence Level
--------------------

+-----------------------------+------------+--------------------------------------------------------+--------------------------------------------------------------------------------------------------------------------+
| User Input Data             | Confidence | Details                                                | Action                                                                                                             |
+-----------------------------+------------+--------------------------------------------------------+--------------------------------------------------------------------------------------------------------------------+
| Design implementation state | High       | Design is routed                                       |                                                                                                                    |
| Clock nodes activity        | Low        | User specified less than 75% of clocks                 | Provide missing clock activity with a constraint file, simulation results or by editing the "By Clock Domain" view |
| I/O nodes activity          | Low        | More than 75% of inputs are missing user specification | Provide missing input activity with simulation results or by editing the "By Resource Type -> I/Os" view           |
| Internal nodes activity     | Medium     | User specified less than 25% of internal nodes         | Provide missing internal nodes activity with simulation results or by editing the "By Resource Type" views         |
| Device models               | High       | Device models are Production                           |                                                                                                                    |
|                             |            |                                                        |                                                                                                                    |
| Overall confidence level    | Low        |                                                        |                                                                                                                    |
+-----------------------------+------------+--------------------------------------------------------+--------------------------------------------------------------------------------------------------------------------+


2. Settings
-----------

2.1 Environment
---------------

+-----------------------+--------------------------+
| Ambient Temp (C)      | 25.0                     |
| ThetaJA (C/W)         | 1.0                      |
| Airflow (LFM)         | 250                      |
| Heat Sink             | medium (Medium Profile)  |
| ThetaSA (C/W)         | 1.5                      |
| Board Selection       | medium (10"x10")         |
| # of Board Layers     | 12to15 (12 to 15 Layers) |
| Board Temperature (C) | 25.0                     |
+-----------------------+--------------------------+


2.2 Clock Constraints
---------------------

+-------+--------+-----------------+
| Clock | Domain | Constraint (ns) |
+-------+--------+-----------------+


3. Detailed Reports
-------------------

3.1 By Hierarchy
----------------

+---------------------------------------------------------------------------------------+-----------+
| Name                                                                                  | Power (W) |
+---------------------------------------------------------------------------------------+-----------+
| LMAC_DFIFO_TOP                                                                        |    21.180 |
|   DFIFO_BRIDGE_RX                                                                     |     2.270 |
|     RX_DFIFO_32x64                                                                    |     0.414 |
|       U0                                                                              |     0.414 |
|         inst_fifo_gen                                                                 |     0.414 |
|           gconvfifo.rf                                                                |     0.414 |
|             grf.rf                                                                    |     0.414 |
|               gntv_or_sync_fifo.gcx.clkx                                              |     0.142 |
|                 rd_pntr_cdc_inst                                                      |     0.088 |
|                 wr_pntr_cdc_inst                                                      |     0.025 |
|               gntv_or_sync_fifo.gl0.rd                                                |     0.075 |
|                 gras.rsts                                                             |     0.004 |
|                 rpntr                                                                 |     0.071 |
|               gntv_or_sync_fifo.gl0.wr                                                |     0.079 |
|                 gwas.gwdc0.wdc                                                        |     0.038 |
|                 gwas.wsts                                                             |     0.006 |
|                 wpntr                                                                 |     0.035 |
|               gntv_or_sync_fifo.mem                                                   |     0.117 |
|                 gbm.gbmg.gbmga.ngecc.bmg                                              |     0.117 |
|                   inst_blk_mem_gen                                                    |     0.117 |
|                     gnbram.gnativebmg.native_blk_mem_gen                              |     0.117 |
|                       valid.cstr                                                      |     0.117 |
|                         ramloop[0].ram.r                                              |     0.117 |
|                           prim_noinit.ram                                             |     0.116 |
|               rstblk                                                                  |     0.000 |
|                 ngwrdrst.grst.g7serrst.gsckt_wrst.gic_rst.xpm_cdc_single_inst_rrst_wr |     0.000 |
|                 ngwrdrst.grst.g7serrst.gsckt_wrst.gic_rst.xpm_cdc_single_inst_wrst_rd |     0.000 |
|                 ngwrdrst.grst.g7serrst.gsckt_wrst.gic_rst.xpm_cdc_sync_rst_inst_wrst  |     0.000 |
|                 ngwrdrst.grst.g7serrst.gsckt_wrst.xpm_cdc_sync_rst_inst_wrst          |     0.000 |
|     RX_DFIFO_BCNT_16x16                                                               |     0.421 |
|       U0                                                                              |     0.421 |
|         inst_fifo_gen                                                                 |     0.421 |
|           gconvfifo.rf                                                                |     0.421 |
|             grf.rf                                                                    |     0.421 |
|               gntv_or_sync_fifo.gcx.clkx                                              |     0.134 |
|                 rd_pntr_cdc_inst                                                      |     0.050 |
|                 wr_pntr_cdc_inst                                                      |     0.067 |
|               gntv_or_sync_fifo.gl0.rd                                                |     0.071 |
|                 gras.rsts                                                             |     0.010 |
|                 rpntr                                                                 |     0.061 |
|               gntv_or_sync_fifo.gl0.wr                                                |     0.083 |
|                 gwas.wsts                                                             |     0.009 |
|                 wpntr                                                                 |     0.074 |
|               gntv_or_sync_fifo.mem                                                   |     0.125 |
|                 gbm.gbmg.gbmga.ngecc.bmg                                              |     0.125 |
|                   inst_blk_mem_gen                                                    |     0.125 |
|                     gnbram.gnativebmg.native_blk_mem_gen                              |     0.125 |
|                       valid.cstr                                                      |     0.125 |
|                         ramloop[0].ram.r                                              |     0.125 |
|                           prim_noinit.ram                                             |     0.124 |
|               rstblk                                                                  |     0.008 |
|                 ngwrdrst.grst.g7serrst.gsckt_wrst.gic_rst.xpm_cdc_single_inst_rrst_wr |     0.000 |
|                 ngwrdrst.grst.g7serrst.gsckt_wrst.gic_rst.xpm_cdc_single_inst_wrst_rd |     0.000 |
|                 ngwrdrst.grst.g7serrst.gsckt_wrst.gic_rst.xpm_cdc_sync_rst_inst_wrst  |     0.000 |
|                 ngwrdrst.grst.g7serrst.gsckt_wrst.xpm_cdc_sync_rst_inst_wrst          |     0.000 |
|   DFIFO_BRIDGE_TX                                                                     |     1.918 |
|     TX_DFIFO_256x64                                                                   |     0.507 |
|       U0                                                                              |     0.507 |
|         inst_fifo_gen                                                                 |     0.507 |
|           gconvfifo.rf                                                                |     0.507 |
|             grf.rf                                                                    |     0.507 |
|               gntv_or_sync_fifo.gcx.clkx                                              |     0.131 |
|                 rd_pntr_cdc_inst                                                      |     0.065 |
|                 wr_pntr_cdc_inst                                                      |     0.038 |
|               gntv_or_sync_fifo.gl0.rd                                                |     0.067 |
|                 gras.rsts                                                             |     0.010 |
|                 rpntr                                                                 |     0.058 |
|               gntv_or_sync_fifo.gl0.wr                                                |     0.112 |
|                 gwas.gwdc0.wdc                                                        |     0.025 |
|                 gwas.wsts                                                             |     0.027 |
|                 wpntr                                                                 |     0.060 |
|               gntv_or_sync_fifo.mem                                                   |     0.189 |
|                 gbm.gbmg.gbmga.ngecc.bmg                                              |     0.189 |
|                   inst_blk_mem_gen                                                    |     0.189 |
|                     gnbram.gnativebmg.native_blk_mem_gen                              |     0.189 |
|                       valid.cstr                                                      |     0.189 |
|                         ramloop[0].ram.r                                              |     0.189 |
|                           prim_noinit.ram                                             |     0.187 |
|               rstblk                                                                  |     0.009 |
|                 ngwrdrst.grst.g7serrst.gsckt_wrst.gic_rst.xpm_cdc_single_inst_rrst_wr |     0.000 |
|                 ngwrdrst.grst.g7serrst.gsckt_wrst.gic_rst.xpm_cdc_single_inst_wrst_rd |     0.000 |
|                 ngwrdrst.grst.g7serrst.gsckt_wrst.gic_rst.xpm_cdc_sync_rst_inst_wrst  |     0.000 |
|                 ngwrdrst.grst.g7serrst.gsckt_wrst.xpm_cdc_sync_rst_inst_wrst          |     0.000 |
|     TX_DFIFO_BCNT_16x16                                                               |     0.289 |
|       U0                                                                              |     0.289 |
|         inst_fifo_gen                                                                 |     0.289 |
|           gconvfifo.rf                                                                |     0.289 |
|             grf.rf                                                                    |     0.289 |
|               gntv_or_sync_fifo.gcx.clkx                                              |     0.080 |
|                 rd_pntr_cdc_inst                                                      |     0.064 |
|                 wr_pntr_cdc_inst                                                      |     0.005 |
|               gntv_or_sync_fifo.gl0.rd                                                |     0.074 |
|                 gras.rsts                                                             |     0.015 |
|                 rpntr                                                                 |     0.059 |
|               gntv_or_sync_fifo.gl0.wr                                                |     0.015 |
|                 gwas.wsts                                                             |     0.005 |
|                 wpntr                                                                 |     0.010 |
|               gntv_or_sync_fifo.mem                                                   |     0.109 |
|                 gbm.gbmg.gbmga.ngecc.bmg                                              |     0.109 |
|                   inst_blk_mem_gen                                                    |     0.109 |
|                     gnbram.gnativebmg.native_blk_mem_gen                              |     0.109 |
|                       valid.cstr                                                      |     0.109 |
|                         ramloop[0].ram.r                                              |     0.109 |
|                           prim_noinit.ram                                             |     0.108 |
|               rstblk                                                                  |     0.011 |
|                 ngwrdrst.grst.g7serrst.gsckt_wrst.gic_rst.xpm_cdc_single_inst_rrst_wr |     0.000 |
|                 ngwrdrst.grst.g7serrst.gsckt_wrst.gic_rst.xpm_cdc_single_inst_wrst_rd |     0.000 |
|                 ngwrdrst.grst.g7serrst.gsckt_wrst.gic_rst.xpm_cdc_sync_rst_inst_wrst  |     0.000 |
|                 ngwrdrst.grst.g7serrst.gsckt_wrst.xpm_cdc_sync_rst_inst_wrst          |     0.000 |
|   LMAC_SYNTH                                                                          |     5.937 |
|     LMAC_CORE_TOP                                                                     |     5.903 |
|       byte_reordering                                                                 |     0.382 |
|         bfsof_sfifo                                                                   |     0.100 |
|           br_sfifo_ip_4x32                                                            |     0.100 |
|             U0                                                                        |     0.100 |
|               inst_fifo_gen                                                           |     0.100 |
|                 gconvfifo.rf                                                          |     0.100 |
|                   grf.rf                                                              |     0.100 |
|                     gntv_or_sync_fifo.gl0.rd                                          |     0.031 |
|                       grss.rsts                                                       |     0.006 |
|                       rpntr                                                           |     0.025 |
|                     gntv_or_sync_fifo.gl0.wr                                          |     0.069 |
|                       gwss.wsts                                                       |     0.019 |
|                       wpntr                                                           |     0.051 |
|                     rstblk                                                            |     0.000 |
|                       g8serrst.usrst_inst                                             |     0.000 |
|         rf_sfifo                                                                      |     0.106 |
|           br_sfifo_ip_4x32                                                            |     0.106 |
|             U0                                                                        |     0.106 |
|               inst_fifo_gen                                                           |     0.106 |
|                 gconvfifo.rf                                                          |     0.106 |
|                   grf.rf                                                              |     0.106 |
|                     gntv_or_sync_fifo.gl0.rd                                          |     0.031 |
|                       grss.rsts                                                       |     0.005 |
|                       rpntr                                                           |     0.026 |
|                     gntv_or_sync_fifo.gl0.wr                                          |     0.075 |
|                       gwss.wsts                                                       |     0.022 |
|                       wpntr                                                           |     0.053 |
|                     rstblk                                                            |     0.000 |
|                       g8serrst.usrst_inst                                             |     0.000 |
|       core                                                                            |     4.264 |
|         gige_tx_encap                                                                 |     0.410 |
|         gige_tx_gmii                                                                  |     2.799 |
|           gige_crc32x64                                                               |     2.554 |
|         ipcs_fifo                                                                     |     0.136 |
|           ipcs_fifo_ip                                                                |     0.136 |
|             U0                                                                        |     0.136 |
|               inst_fifo_gen                                                           |     0.136 |
|                 gconvfifo.rf                                                          |     0.136 |
|                   grf.rf                                                              |     0.136 |
|                     gntv_or_sync_fifo.gl0.rd                                          |     0.047 |
|                       grss.rsts                                                       |     0.006 |
|                         c1                                                            |     0.002 |
|                         c2                                                            |    <0.001 |
|                       rpntr                                                           |     0.040 |
|                     gntv_or_sync_fifo.gl0.wr                                          |     0.002 |
|                       gwss.wsts                                                       |     0.002 |
|                         c0                                                            |    <0.001 |
|                         c1                                                            |    <0.001 |
|                       wpntr                                                           |    <0.001 |
|                     gntv_or_sync_fifo.mem                                             |     0.088 |
|                       gbm.gbmg.gbmga.ngecc.bmg                                        |     0.088 |
|                         inst_blk_mem_gen                                              |     0.088 |
|                           gnbram.gnativebmg.native_blk_mem_gen                        |     0.088 |
|                             valid.cstr                                                |     0.088 |
|                               ramloop[0].ram.r                                        |     0.088 |
|                                 prim_noinit.ram                                       |     0.088 |
|                     rstblk                                                            |     0.000 |
|                       g8serrst.usrst_inst                                             |     0.000 |
|         pktctrl_fifo                                                                  |     0.090 |
|           pktctrl_fifo_ip                                                             |     0.090 |
|             U0                                                                        |     0.090 |
|               inst_fifo_gen                                                           |     0.090 |
|                 gconvfifo.rf                                                          |     0.090 |
|                   grf.rf                                                              |     0.090 |
|                     gntv_or_sync_fifo.gl0.rd                                          |     0.023 |
|                       grss.rsts                                                       |     0.011 |
|                         c1                                                            |    <0.001 |
|                         c2                                                            |     0.005 |
|                       rpntr                                                           |     0.012 |
|                     gntv_or_sync_fifo.gl0.wr                                          |     0.067 |
|                       gwss.wsts                                                       |     0.014 |
|                         c0                                                            |     0.003 |
|                         c1                                                            |     0.006 |
|                       wpntr                                                           |     0.053 |
|                     rstblk                                                            |     0.000 |
|                       g8serrst.usrst_inst                                             |     0.000 |
|         rx_xgmii                                                                      |     0.232 |
|         rxfifo                                                                        |     0.418 |
|           rxfifo_ip_4Kx64                                                             |     0.418 |
|             U0                                                                        |     0.418 |
|               inst_fifo_gen                                                           |     0.418 |
|                 gconvfifo.rf                                                          |     0.418 |
|                   grf.rf                                                              |     0.418 |
|                     gntv_or_sync_fifo.gl0.rd                                          |     0.036 |
|                       grss.rsts                                                       |     0.018 |
|                         c1                                                            |    <0.001 |
|                         c2                                                            |     0.005 |
|                       rpntr                                                           |     0.019 |
|                     gntv_or_sync_fifo.gl0.wr                                          |     0.127 |
|                       gwss.wsts                                                       |     0.018 |
|                         c0                                                            |     0.003 |
|                         c1                                                            |     0.005 |
|                       wpntr                                                           |     0.109 |
|                     gntv_or_sync_fifo.mem                                             |     0.255 |
|                       gbm.gbmg.gbmga.ngecc.bmg                                        |     0.255 |
|                         inst_blk_mem_gen                                              |     0.255 |
|                           gnbram.gnativebmg.native_blk_mem_gen                        |     0.255 |
|                             valid.cstr                                                |     0.255 |
|                               ramloop[0].ram.r                                        |     0.017 |
|                                 prim_noinit.ram                                       |     0.017 |
|                               ramloop[1].ram.r                                        |     0.034 |
|                                 prim_noinit.ram                                       |     0.034 |
|                               ramloop[2].ram.r                                        |     0.035 |
|                                 prim_noinit.ram                                       |     0.035 |
|                               ramloop[3].ram.r                                        |     0.034 |
|                                 prim_noinit.ram                                       |     0.034 |
|                               ramloop[4].ram.r                                        |     0.034 |
|                                 prim_noinit.ram                                       |     0.034 |
|                               ramloop[5].ram.r                                        |     0.034 |
|                                 prim_noinit.ram                                       |     0.034 |
|                               ramloop[6].ram.r                                        |     0.034 |
|                                 prim_noinit.ram                                       |     0.034 |
|                               ramloop[7].ram.r                                        |     0.034 |
|                                 prim_noinit.ram                                       |     0.034 |
|                     rstblk                                                            |     0.000 |
|                       g8serrst.usrst_inst                                             |     0.000 |
|         txfifo                                                                        |     0.177 |
|           txfifo_ip_1024x64                                                           |     0.108 |
|             U0                                                                        |     0.108 |
|               inst_fifo_gen                                                           |     0.108 |
|                 gconvfifo.rf                                                          |     0.108 |
|                   grf.rf                                                              |     0.108 |
|                     gntv_or_sync_fifo.gl0.rd                                          |     0.028 |
|                       grss.gdc.dc                                                     |     0.022 |
|                         gsym_dc.dc                                                    |     0.022 |
|                       grss.rsts                                                       |     0.001 |
|                         c1                                                            |    <0.001 |
|                         c2                                                            |    <0.001 |
|                       rpntr                                                           |     0.005 |
|                     gntv_or_sync_fifo.gl0.wr                                          |     0.031 |
|                       gwss.wsts                                                       |     0.017 |
|                         c0                                                            |     0.003 |
|                         c1                                                            |    <0.001 |
|                       wpntr                                                           |     0.014 |
|                     gntv_or_sync_fifo.mem                                             |     0.049 |
|                       gbm.gbmg.gbmga.ngecc.bmg                                        |     0.049 |
|                         inst_blk_mem_gen                                              |     0.049 |
|                           gnbram.gnativebmg.native_blk_mem_gen                        |     0.049 |
|                             valid.cstr                                                |     0.049 |
|                               ramloop[0].ram.r                                        |     0.024 |
|                                 prim_noinit.ram                                       |     0.024 |
|                               ramloop[1].ram.r                                        |     0.024 |
|                                 prim_noinit.ram                                       |     0.024 |
|                     rstblk                                                            |     0.000 |
|                       g8serrst.usrst_inst                                             |     0.000 |
|       gige_rx                                                                         |     1.228 |
|         g2x_ctrl                                                                      |     0.101 |
|         gige_s2p                                                                      |     0.934 |
|         gigerx_bcnt_fifo256x16                                                        |     0.100 |
|           gigerx_bcnt_fifo_ip_256x16                                                  |     0.085 |
|             U0                                                                        |     0.085 |
|               inst_fifo_gen                                                           |     0.085 |
|                 gconvfifo.rf                                                          |     0.085 |
|                   grf.rf                                                              |     0.085 |
|                     gntv_or_sync_fifo.gl0.rd                                          |     0.042 |
|                       grss.rsts                                                       |     0.004 |
|                       rpntr                                                           |     0.038 |
|                     gntv_or_sync_fifo.gl0.wr                                          |     0.006 |
|                       gwss.wsts                                                       |     0.002 |
|                       wpntr                                                           |     0.004 |
|                     gntv_or_sync_fifo.mem                                             |     0.035 |
|                       gbm.gbmg.gbmga.ngecc.bmg                                        |     0.035 |
|                         inst_blk_mem_gen                                              |     0.035 |
|                           gnbram.gnativebmg.native_blk_mem_gen                        |     0.035 |
|                             valid.cstr                                                |     0.035 |
|                               ramloop[0].ram.r                                        |     0.035 |
|                                 prim_noinit.ram                                       |     0.035 |
|                     rstblk                                                            |    <0.001 |
|                       g8serrst.usrst_inst                                             |    <0.001 |
|         gigerx_fifo256x64_2clk                                                        |     0.058 |
|           gigerx_fifo_ip_256x64                                                       |     0.058 |
|             U0                                                                        |     0.058 |
|               inst_fifo_gen                                                           |     0.058 |
|                 gconvfifo.rf                                                          |     0.058 |
|                   grf.rf                                                              |     0.058 |
|                     gntv_or_sync_fifo.gl0.rd                                          |     0.016 |
|                       grss.rsts                                                       |    <0.001 |
|                       rpntr                                                           |     0.016 |
|                     gntv_or_sync_fifo.gl0.wr                                          |     0.002 |
|                       gwss.wsts                                                       |    <0.001 |
|                       wpntr                                                           |     0.001 |
|                     gntv_or_sync_fifo.mem                                             |     0.040 |
|                       gbm.gbmg.gbmga.ngecc.bmg                                        |     0.040 |
|                         inst_blk_mem_gen                                              |     0.040 |
|                           gnbram.gnativebmg.native_blk_mem_gen                        |     0.040 |
|                             valid.cstr                                                |     0.040 |
|                               ramloop[0].ram.r                                        |     0.040 |
|                                 prim_noinit.ram                                       |     0.040 |
|                     rstblk                                                            |    <0.001 |
|                       g8serrst.usrst_inst                                             |    <0.001 |
|         gigerx_fifo256x8                                                              |     0.034 |
|           gigerx_fifo_ip_256x8                                                        |     0.034 |
|             U0                                                                        |     0.034 |
|               inst_fifo_gen                                                           |     0.034 |
|                 gconvfifo.rf                                                          |     0.034 |
|                   grf.rf                                                              |     0.034 |
|                     gntv_or_sync_fifo.gl0.rd                                          |     0.018 |
|                       grss.rsts                                                       |    <0.001 |
|                       rpntr                                                           |     0.017 |
|                     gntv_or_sync_fifo.gl0.wr                                          |     0.002 |
|                       gwss.wsts                                                       |    <0.001 |
|                       wpntr                                                           |     0.001 |
|                     gntv_or_sync_fifo.mem                                             |     0.014 |
|                       gbm.gbmg.gbmga.ngecc.bmg                                        |     0.014 |
|                         inst_blk_mem_gen                                              |     0.014 |
|                           gnbram.gnativebmg.native_blk_mem_gen                        |     0.014 |
|                             valid.cstr                                                |     0.014 |
|                               ramloop[0].ram.r                                        |     0.014 |
|                                 prim_noinit.ram                                       |     0.014 |
|                     rstblk                                                            |    <0.001 |
|                       g8serrst.usrst_inst                                             |    <0.001 |
|   dclk_IBUF_inst                                                                      |     0.006 |
|   fmac_speed_IBUF[0]_inst                                                             |     0.060 |
|   fmac_speed_IBUF[1]_inst                                                             |     0.060 |
|   gmii_rx_dv_IBUF_inst                                                                |     0.017 |
|   gmii_rxd_IBUF[0]_inst                                                               |     0.015 |
|   gmii_rxd_IBUF[1]_inst                                                               |     0.015 |
|   gmii_rxd_IBUF[2]_inst                                                               |     0.016 |
|   gmii_rxd_IBUF[3]_inst                                                               |     0.015 |
|   gmii_rxd_IBUF[4]_inst                                                               |     0.016 |
|   gmii_rxd_IBUF[5]_inst                                                               |     0.015 |
|   gmii_rxd_IBUF[6]_inst                                                               |     0.016 |
|   gmii_rxd_IBUF[7]_inst                                                               |     0.015 |
|   lclk_IBUF_inst                                                                      |     0.006 |
|   m_axis_tready_IBUF_inst                                                             |     0.020 |
|   rst__IBUF_inst                                                                      |    <0.001 |
|   s_axis_tdata_IBUF[0]_inst                                                           |     0.016 |
|   s_axis_tdata_IBUF[10]_inst                                                          |     0.016 |
|   s_axis_tdata_IBUF[11]_inst                                                          |     0.015 |
|   s_axis_tdata_IBUF[12]_inst                                                          |     0.016 |
|   s_axis_tdata_IBUF[13]_inst                                                          |     0.015 |
|   s_axis_tdata_IBUF[14]_inst                                                          |     0.014 |
|   s_axis_tdata_IBUF[15]_inst                                                          |     0.015 |
|   s_axis_tdata_IBUF[16]_inst                                                          |     0.015 |
|   s_axis_tdata_IBUF[17]_inst                                                          |     0.014 |
|   s_axis_tdata_IBUF[18]_inst                                                          |     0.014 |
|   s_axis_tdata_IBUF[19]_inst                                                          |     0.014 |
|   s_axis_tdata_IBUF[1]_inst                                                           |     0.016 |
|   s_axis_tdata_IBUF[20]_inst                                                          |     0.015 |
|   s_axis_tdata_IBUF[21]_inst                                                          |     0.015 |
|   s_axis_tdata_IBUF[22]_inst                                                          |     0.014 |
|   s_axis_tdata_IBUF[23]_inst                                                          |     0.015 |
|   s_axis_tdata_IBUF[24]_inst                                                          |     0.014 |
|   s_axis_tdata_IBUF[25]_inst                                                          |     0.013 |
|   s_axis_tdata_IBUF[26]_inst                                                          |     0.013 |
|   s_axis_tdata_IBUF[27]_inst                                                          |     0.013 |
|   s_axis_tdata_IBUF[28]_inst                                                          |     0.014 |
|   s_axis_tdata_IBUF[29]_inst                                                          |     0.014 |
|   s_axis_tdata_IBUF[2]_inst                                                           |     0.016 |
|   s_axis_tdata_IBUF[30]_inst                                                          |     0.013 |
|   s_axis_tdata_IBUF[31]_inst                                                          |     0.013 |
|   s_axis_tdata_IBUF[3]_inst                                                           |     0.016 |
|   s_axis_tdata_IBUF[4]_inst                                                           |     0.016 |
|   s_axis_tdata_IBUF[5]_inst                                                           |     0.017 |
|   s_axis_tdata_IBUF[6]_inst                                                           |     0.016 |
|   s_axis_tdata_IBUF[7]_inst                                                           |     0.016 |
|   s_axis_tdata_IBUF[8]_inst                                                           |     0.015 |
|   s_axis_tdata_IBUF[9]_inst                                                           |     0.015 |
|   s_axis_tkeep_IBUF[0]_inst                                                           |     0.013 |
|   s_axis_tkeep_IBUF[1]_inst                                                           |     0.017 |
|   s_axis_tkeep_IBUF[2]_inst                                                           |     0.023 |
|   s_axis_tkeep_IBUF[3]_inst                                                           |     0.016 |
|   s_axis_tlast_IBUF_inst                                                              |     0.026 |
|   s_axis_tvalid_IBUF_inst                                                             |     0.014 |
+---------------------------------------------------------------------------------------+-----------+


