Copyright 1986-2018 Xilinx, Inc. All Rights Reserved.
-----------------------------------------------------------------------------------------------------------------------------------
| Tool Version : Vivado v.2018.2 (lin64) Build 2258646 Thu Jun 14 20:02:38 MDT 2018
| Date         : Sat Apr 20 10:36:28 2019
| Host         : ubeluga running 64-bit Ubuntu 18.04.4 LTS
| Command      : report_utilization -file LMAC_ETH_1G_wrapper_utilization_placed.rpt -pb LMAC_ETH_1G_wrapper_utilization_placed.pb
| Design       : LMAC_ETH_1G_wrapper
| Device       : xczu15egffvb1156-2
| Design State : Fully Placed
-----------------------------------------------------------------------------------------------------------------------------------

Utilization Design Information

Table of Contents
-----------------
1. CLB Logic
1.1 Summary of Registers by Type
2. CLB Logic Distribution
3. BLOCKRAM
4. ARITHMETIC
5. I/O
6. CLOCK
7. ADVANCED
8. CONFIGURATION
9. Primitives
10. Black Boxes
11. Instantiated Netlists

1. CLB Logic
------------

+----------------------------+-------+-------+-----------+-------+
|          Site Type         |  Used | Fixed | Available | Util% |
+----------------------------+-------+-------+-----------+-------+
| CLB LUTs                   | 16195 |     0 |    341280 |  4.75 |
|   LUT as Logic             | 14106 |     0 |    341280 |  4.13 |
|   LUT as Memory            |  2089 |     0 |    184320 |  1.13 |
|     LUT as Distributed RAM |   836 |     0 |           |       |
|     LUT as Shift Register  |  1253 |     0 |           |       |
| CLB Registers              | 26155 |     0 |    682560 |  3.83 |
|   Register as Flip Flop    | 26155 |     0 |    682560 |  3.83 |
|   Register as Latch        |     0 |     0 |    682560 |  0.00 |
| CARRY8                     |   251 |     0 |     42660 |  0.59 |
| F7 Muxes                   |   272 |     0 |    170640 |  0.16 |
| F8 Muxes                   |    10 |     0 |     85320 |  0.01 |
| F9 Muxes                   |     0 |     0 |     42660 |  0.00 |
+----------------------------+-------+-------+-----------+-------+


1.1 Summary of Registers by Type
--------------------------------

+-------+--------------+-------------+--------------+
| Total | Clock Enable | Synchronous | Asynchronous |
+-------+--------------+-------------+--------------+
| 0     |            _ |           - |            - |
| 0     |            _ |           - |          Set |
| 0     |            _ |           - |        Reset |
| 0     |            _ |         Set |            - |
| 0     |            _ |       Reset |            - |
| 0     |          Yes |           - |            - |
| 143   |          Yes |           - |          Set |
| 320   |          Yes |           - |        Reset |
| 871   |          Yes |         Set |            - |
| 24821 |          Yes |       Reset |            - |
+-------+--------------+-------------+--------------+


2. CLB Logic Distribution
-------------------------

+-------------------------------------------+-------+-------+-----------+-------+
|                 Site Type                 |  Used | Fixed | Available | Util% |
+-------------------------------------------+-------+-------+-----------+-------+
| CLB                                       |  4043 |     0 |     42660 |  9.48 |
|   CLBL                                    |  1857 |     0 |           |       |
|   CLBM                                    |  2186 |     0 |           |       |
| LUT as Logic                              | 14106 |     0 |    341280 |  4.13 |
|   using O5 output only                    |   580 |       |           |       |
|   using O6 output only                    | 10538 |       |           |       |
|   using O5 and O6                         |  2988 |       |           |       |
| LUT as Memory                             |  2089 |     0 |    184320 |  1.13 |
|   LUT as Distributed RAM                  |   836 |     0 |           |       |
|     using O5 output only                  |     0 |       |           |       |
|     using O6 output only                  |     4 |       |           |       |
|     using O5 and O6                       |   832 |       |           |       |
|   LUT as Shift Register                   |  1253 |     0 |           |       |
|     using O5 output only                  |     0 |       |           |       |
|     using O6 output only                  |   344 |       |           |       |
|     using O5 and O6                       |   909 |       |           |       |
| LUT Flip Flop Pairs                       |  9228 |     0 |    341280 |  2.70 |
|   fully used LUT-FF pairs                 |  2473 |       |           |       |
|   LUT-FF pairs with one unused LUT output |  6494 |       |           |       |
|   LUT-FF pairs with one unused Flip Flop  |  5136 |       |           |       |
| Unique Control Sets                       |  1086 |       |           |       |
+-------------------------------------------+-------+-------+-----------+-------+
* Note: Review the Control Sets Report for more information regarding control sets.


3. BLOCKRAM
-----------

+-------------------+------+-------+-----------+-------+
|     Site Type     | Used | Fixed | Available | Util% |
+-------------------+------+-------+-----------+-------+
| Block RAM Tile    |   58 |     0 |       744 |  7.80 |
|   RAMB36/FIFO*    |   53 |     0 |       744 |  7.12 |
|     RAMB36E2 only |   53 |       |           |       |
|   RAMB18          |   10 |     0 |      1488 |  0.67 |
|     RAMB18E2 only |   10 |       |           |       |
| URAM              |    0 |     0 |       112 |  0.00 |
+-------------------+------+-------+-----------+-------+
* Note: Each Block RAM Tile only has one FIFO logic available and therefore can accommodate only one FIFO36E2 or one FIFO18E2. However, if a FIFO18E2 occupies a Block RAM Tile, that tile can still accommodate a RAMB18E2


4. ARITHMETIC
-------------

+-----------+------+-------+-----------+-------+
| Site Type | Used | Fixed | Available | Util% |
+-----------+------+-------+-----------+-------+
| DSPs      |    0 |     0 |      3528 |  0.00 |
+-----------+------+-------+-----------+-------+


5. I/O
------

+------------------+------+-------+-----------+-------+
|     Site Type    | Used | Fixed | Available | Util% |
+------------------+------+-------+-----------+-------+
| Bonded IOB       |    9 |     9 |       328 |  2.74 |
| HPIOB_M          |    0 |     0 |        96 |  0.00 |
| HPIOB_S          |    0 |     0 |        96 |  0.00 |
| HDIOB_M          |    4 |     4 |        60 |  6.67 |
|   INPUT          |    1 |       |           |       |
|   OUTPUT         |    3 |       |           |       |
|   BIDIR          |    0 |       |           |       |
| HDIOB_S          |    5 |     5 |        60 |  8.33 |
|   INPUT          |    1 |       |           |       |
|   OUTPUT         |    4 |       |           |       |
|   BIDIR          |    0 |       |           |       |
| HPIOB_SNGL       |    0 |     0 |        16 |  0.00 |
| HPIOBDIFFINBUF   |    0 |     0 |        96 |  0.00 |
| HPIOBDIFFOUTBUF  |    0 |     0 |        96 |  0.00 |
| HDIOBDIFFINBUF   |    1 |     1 |        60 |  1.67 |
|   DIFFINBUF      |    1 |     1 |           |       |
| BITSLICE_CONTROL |    0 |     0 |        32 |  0.00 |
| BITSLICE_RX_TX   |    0 |     0 |       208 |  0.00 |
| BITSLICE_TX      |    0 |     0 |        32 |  0.00 |
| RIU_OR           |    0 |     0 |        16 |  0.00 |
+------------------+------+-------+-----------+-------+


6. CLOCK
--------

+----------------------+------+-------+-----------+-------+
|       Site Type      | Used | Fixed | Available | Util% |
+----------------------+------+-------+-----------+-------+
| GLOBAL CLOCK BUFFERs |    9 |     0 |       404 |  2.23 |
|   BUFGCE             |    4 |     0 |       116 |  3.45 |
|   BUFGCE_DIV         |    0 |     0 |        16 |  0.00 |
|   BUFG_GT            |    3 |     0 |       168 |  1.79 |
|   BUFG_PS            |    2 |     0 |        72 |  2.78 |
|   BUFGCTRL*          |    0 |     0 |        32 |  0.00 |
| PLL                  |    0 |     0 |         8 |  0.00 |
| MMCM                 |    0 |     0 |         4 |  0.00 |
+----------------------+------+-------+-----------+-------+
* Note: Each used BUFGCTRL counts as two global buffer resources. This table does not include global clocking resources, only buffer cell usage. See the Clock Utilization Report (report_clock_utilization) for detailed accounting of global clocking resource availability.


7. ADVANCED
-----------

+-----------------+------+-------+-----------+--------+
|    Site Type    | Used | Fixed | Available |  Util% |
+-----------------+------+-------+-----------+--------+
| GTHE4_CHANNEL   |    1 |     1 |        24 |   4.17 |
| GTHE4_COMMON    |    0 |     0 |         6 |   0.00 |
| OBUFDS_GTE4     |    0 |     0 |        12 |   0.00 |
| OBUFDS_GTE4_ADV |    0 |     0 |        12 |   0.00 |
| PS8             |    1 |     0 |         1 | 100.00 |
| SYSMONE4        |    0 |     0 |         1 |   0.00 |
+-----------------+------+-------+-----------+--------+


8. CONFIGURATION
----------------

+-------------+------+-------+-----------+-------+
|  Site Type  | Used | Fixed | Available | Util% |
+-------------+------+-------+-----------+-------+
| BSCANE2     |    1 |     0 |         4 | 25.00 |
| DNA_PORTE2  |    0 |     0 |         1 |  0.00 |
| EFUSE_USR   |    0 |     0 |         1 |  0.00 |
| FRAME_ECCE4 |    0 |     0 |         1 |  0.00 |
| ICAPE3      |    0 |     0 |         2 |  0.00 |
| MASTER_JTAG |    0 |     0 |         1 |  0.00 |
| STARTUPE3   |    0 |     0 |         1 |  0.00 |
+-------------+------+-------+-----------+-------+


9. Primitives
-------------

+---------------+-------+---------------------+
|    Ref Name   |  Used | Functional Category |
+---------------+-------+---------------------+
| FDRE          | 24821 |            Register |
| LUT6          |  5615 |                 CLB |
| LUT3          |  4027 |                 CLB |
| LUT4          |  2833 |                 CLB |
| LUT5          |  2496 |                 CLB |
| LUT2          |  1689 |                 CLB |
| RAMD32        |  1460 |                 CLB |
| SRL16E        |  1427 |                 CLB |
| FDSE          |   871 |            Register |
| SRLC32E       |   727 |                 CLB |
| LUT1          |   434 |                 CLB |
| FDCE          |   320 |            Register |
| MUXF7         |   272 |                 CLB |
| CARRY8        |   251 |                 CLB |
| RAMS32        |   208 |                 CLB |
| FDPE          |   143 |            Register |
| RAMB36E2      |    53 |           Block Ram |
| RAMB18E2      |    10 |           Block Ram |
| MUXF8         |    10 |                 CLB |
| SRLC16E       |     8 |                 CLB |
| OBUF          |     7 |                 I/O |
| BUFGCE        |     4 |               Clock |
| BUFG_GT       |     3 |               Clock |
| BUFG_PS       |     2 |               Clock |
| PS8           |     1 |            Advanced |
| IBUFDS_GTE4   |     1 |                 I/O |
| IBUFCTRL      |     1 |              Others |
| GTHE4_CHANNEL |     1 |            Advanced |
| DIFFINBUF     |     1 |                 I/O |
| BUFG_GT_SYNC  |     1 |               Clock |
| BSCANE2       |     1 |       Configuration |
+---------------+-------+---------------------+


10. Black Boxes
---------------

+----------+------+
| Ref Name | Used |
+----------+------+


11. Instantiated Netlists
-------------------------

+--------------------------------------+------+
|               Ref Name               | Used |
+--------------------------------------+------+
| dbg_hub                              |    1 |
| LMAC_ETH_1G_zynq_ultra_ps_e_0_0      |    1 |
| LMAC_ETH_1G_xlslice_3_0              |    1 |
| LMAC_ETH_1G_xlslice_2_0              |    1 |
| LMAC_ETH_1G_xlslice_1_0              |    1 |
| LMAC_ETH_1G_xlslice_0_0              |    1 |
| LMAC_ETH_1G_xlconstant_5_0           |    1 |
| LMAC_ETH_1G_xlconstant_4_0           |    1 |
| LMAC_ETH_1G_xlconcat_0_0             |    1 |
| LMAC_ETH_1G_util_ds_buf_1_0          |    1 |
| LMAC_ETH_1G_util_ds_buf_0_0          |    1 |
| LMAC_ETH_1G_rst_ps8_0_49M_1          |    1 |
| LMAC_ETH_1G_ila_3_0                  |    1 |
| LMAC_ETH_1G_ila_2_0                  |    1 |
| LMAC_ETH_1G_ila_1_0                  |    1 |
| LMAC_ETH_1G_ila_0_0                  |    1 |
| LMAC_ETH_1G_gig_ethernet_pcs_pma_0_0 |    1 |
| LMAC_ETH_1G_c_counter_binary_1_0     |    1 |
| LMAC_ETH_1G_c_counter_binary_0_0     |    1 |
| LMAC_ETH_1G_axi_smc_1                |    1 |
| LMAC_ETH_1G_axi_dma_0_1              |    1 |
| LMAC_ETH_1G_auto_pc_0                |    1 |
| LMAC_ETH_1G_auto_ds_0                |    1 |
| LMAC_ETH_1G_AXIS_LMAC_IP_0_0         |    1 |
+--------------------------------------+------+


